[1/6] 実行 stage=S10 seed=42 n_days=1000 steps_per_day=23400
      完了 (11.36 秒, グリッド 23,400,001 点)
[2/6] 決定性の確認 (同一シードで再実行)
      ビット単位一致: True
[3/6] RNG ストリーム安定性の確認
      既存ストリーム不変: True / 相互に別系列: True
      l2.diffusion 消費列の一致: True
[3b/6] 時間スケール不変性 (steps_per_day=390 で対照実行)
      日次統計の一致: True
[4/6] 検証スイート
[4b/6] S9 からの不変性照合 (results/S9/metrics.json)
      不変性: True
[4c/6] 多シード判定 (30 シード — hill/leverage/JV/skew)
      シード 42 (1/30) 完了
      シード 43 (2/30) 完了
      シード 44 (3/30) 完了
      シード 45 (4/30) 完了
      シード 46 (5/30) スキップ: ZI ミッドが板の絶対ティック窓から逸脱しました。 book_window_half_ticks を広げるか期間を見直すこと。
      シード 47 (6/30) 完了
      シード 48 (7/30) 完了
      シード 49 (chaos-off) スキップ: ZI ミッドが板の絶対ティック窓から逸脱しました。 book_window_half_ticks を広げるか期間を見直すこと。
      シード 49 (8/30) 完了
      シード 50 (9/30) スキップ: ZI ミッドが板の絶対ティック窓から逸脱しました。 book_window_half_ticks を広げるか期間を見直すこと。
      シード 51 (chaos-off) スキップ: ZI ミッドが板の絶対ティック窓から逸脱しました。 book_window_half_ticks を広げるか期間を見直すこと。
      シード 51 (10/30) 完了
      シード 52 (11/30) 完了
      シード 53 (12/30) 完了
      シード 54 (13/30) 完了
      シード 55 (14/30) スキップ: ZI ミッドが板の絶対ティック窓から逸脱しました。 book_window_half_ticks を広げるか期間を見直すこと。
      シード 56 (15/30) 完了
      シード 57 (16/30) 完了
      シード 58 (17/30) スキップ: ZI ミッドが板の絶対ティック窓から逸脱しました。 book_window_half_ticks を広げるか期間を見直すこと。
      シード 59 (18/30) 完了
      シード 60 (19/30) 完了
      シード 61 (20/30) 完了
      シード 62 (21/30) 完了
      シード 63 (22/30) スキップ: ZI ミッドが板の絶対ティック窓から逸脱しました。 book_window_half_ticks を広げるか期間を見直すこと。
      シード 64 (23/30) 完了
      シード 65 (24/30) スキップ: ZI ミッドが板の絶対ティック窓から逸脱しました。 book_window_half_ticks を広げるか期間を見直すこと。
      シード 66 (25/30) 完了
      シード 67 (26/30) 完了
      シード 68 (27/30) 完了
      シード 69 (28/30) 完了
      シード 70 (chaos-off) スキップ: ZI ミッドが板の絶対ティック窓から逸脱しました。 book_window_half_ticks を広げるか期間を見直すこと。
      シード 70 (29/30) 完了
      シード 71 (chaos-off) スキップ: ZI ミッドが板の絶対ティック窓から逸脱しました。 book_window_half_ticks を広げるか期間を見直すこと。
      シード 71 (30/30) 完了
      hill_alpha: median=+3.1820  IQR=0.5480
      leverage_corr: median=-0.0234  IQR=0.0744
      jv_share: median=+0.7587  IQR=0.0167
      skewness_daily: median=-0.1876  IQR=0.4035
      dilution_sd_ratio: median=+0.8785  IQR=0.0339
      dilution_corr_logiv: median=+0.8832  IQR=0.8010
      hawkes_n_hat_true_phi: median=+0.8943  IQR=0.0117
      hawkes_fano_60s: median=+22.0374  IQR=3.3672
      meta_gamma: median=+0.2717  IQR=0.0281
      meta_c1: median=+0.1942  IQR=0.0049
      meta_vr_trade_1000: median=+5.7061  IQR=1.3301
      meta_beta_deficit: median=-0.8996  IQR=0.0564
      qr_eta_trade: median=+0.1574  IQR=0.0019
      qr_obi_h1: median=+0.1344  IQR=0.0029
      qr_change_sign_corr: median=-0.0952  IQR=0.0029
      cross_seed_corr: mean=0.2348 [-0.0891, 0.5535] (276 対)
      指標の算出完了 (1441.60 秒, エラー 0 件)
[5/6] 結果の書き出しと読み直し
      E:\模擬チャート生成\results\S10\metrics.json (475,116 バイト)
[6/6] プロット
      price_path.png
      qq_normal.png
      acf.png
      kurtosis_by_scale.png
      zeta_q.png
      signature_plot.png
      daily_absr_acf.png
      vol_path.png
      variance_ratio.png

主要指標
---------------------------------------------
  基準粒度 (秒)               60
  リターン本数                 390000
  尖度                     486.481
  歪度                     1.52332
  Hill alpha (k=5%)      1.64452
  Hill 不安定度              0.12036
  QQ の R^2               0.585086
  ACF(r) ラグ1             0.116873
  ACF(|r|) ラグ1           0.299857
  Ljung-Box p (ラグ20)     0
  GPH d (|r|)            0.206554
  local Whittle d (|r|)  0.23085
  分散比 max|VR-1|          2.23908
  尖度のスケール依存 max|k-3|     14468.9
  zeta_q 直線性 R^2         0.987446
  zeta_q の傾き             0.337806
  signature plot 最大乖離    1.54289
  ADF p (log P)          0.950073
  ADF p (r)              0
  日次 尖度                  8.51208
  日次 ACF(|r|) ラグ1        0.138414
  日次 GPH d (|r|)         0.242902
  日次 |r| ACF べき則 R^2     0.636288
  日次 zeta_q 直線性 R^2      -
  尖度の減衰傾き (日次→複数日)       -
  Var(log σ) 断面          0.248543
  予算シェア 断面 (分母 0.25)     {"msm":0.4990417672088368,"slow_ou":0.2001572306585784,"roug
  予算使用率 断面               0.994171
  E[σ²]/σ̄² 断面           0.992803
  粗さ H (潜在, 5分〜4時間)      0.13261
  粗さ ζ_q 線形性 R²          0.999974
  粗さ H (RV 側, 記録のみ)      -
  ボラ増分 ACF(1) (60秒)      -0.438882
  ラフ予算シェア (経路)           0.0989237

該当なし (not_applicable) の指標
----------------------------------------------------------------------
  micro.sqrt_law: メタオーダーの記録がありません。S8 でメタオーダー分割を実装した段階で測定できるようになります。
  cross.hayashi_yoshida: 資産が 1 本しかないため測定できません。多資産は S13 で導入します。
  cross.lead_lag: 資産が 1 本しかないため測定できません。多資産は S13 で導入します。

ゲート判定
---------------------------------------------------------------------------------------
  [PASS] pipeline_runs                  true
  [PASS] determinism                    true
  [PASS] rng_stability                  true
  [PASS] rng_streams_distinct           true
  [PASS] validation_callable            true
  [PASS] artifacts_written              true
  [PASS] adf                            true
  [PASS] rng_diffusion                  true
  [PASS] var_budget                     {"msm":0.4990417672088368,"slow_ou":0.2001572306585784,"roug
  [PASS] e_sigma2                       0.992803
  [PASS] scale_invariance               true
  [PASS] h_latent                       0.13261
  [PASS] h_linearity                    0.999974
  [PASS] vol_incr_acf_negative          -0.438882
  [PASS] var_budget_rough               0.0989237
  [PASS] stationarity_y                 true
  [PASS] inv_gph_d                      true
  [PASS] inv_absr_acf_profile           true
  [PASS] inv_zeta_c2                    true
  [PASS] inv_rng_s1_streams             true
  [PASS] eta_u_valid                    56
  [PASS] martingale_compensation        true
  [PASS] corr_rough_realized            {"realized":-0.600180537626795,"target":-0.6}
  [PASS] corr_slow_realized             {"realized":-0.3499232450677703,"target":-0.35}
  [PASS] corr_mid_realized              {"realized":null,"target":null}
  [PASS] z_no_autocorr                  {"max_abs_acf":0.0005418404665692655,"threshold_2_over_sqrt_
  [PASS] phi_normalization              {"status":"ok","value":null,"phi_sigma_sq_mean":0.9999999999
  [PASS] intraday_shape                 {"status":"ok","value":null,"phi_sigma_sq_mean":0.9999999999
  [PASS] inv_jv_share                   true
  [PASS] var_total                      0.248543
  [PASS] chi2_lyapunov                  0.00712959
  [PASS] chi2_dimension                 1.84773
  [PASS] chi2_spectral_peak             {"status":"ok","value":29.997614545454546,"peak_period_days"
  [PASS] chi2_no_daily_peak             {"status":"ok","value":29.997614545454546,"peak_period_days"
  [PASS] var_budget_chi2                0.200418
  [PASS] chi2_hash                      {"status":"ok","value":null,"system":"mackey_glass","sha256"
  [PASS] determinism_across_seeds       true
  [PASS] leverage_dilution              0.878528
  [PASS] chi2_no_direction              0.116435
  [PASS] invariant_no_cross             {"status":"ok","value":true,"all_passed":true,"no_cross":tru
  [PASS] invariant_order_conservation   {"status":"ok","value":true,"all_passed":true,"no_cross":tru
  [PASS] invariant_volume_conservation  {"status":"ok","value":true,"all_passed":true,"no_cross":tru
  [PASS] invariant_priority             {"status":"ok","value":true,"all_passed":true,"no_cross":tru
  [PASS] throughput                     1.7645e+06
  [PASS] spread_median                  1
  [PASS] spread_positive                {"status":"ok","value":1.0,"median":1.0,"mean":3.36855563482
  [PASS] depth_front_depletion          false
  [PASS] size_distribution              1.17273
  [PASS] placement_distribution         {"status":"ok","value":1.0322343803816083,"mu_estimated":1.0
  [FAIL] corr_mid_pstar                 {"status":"ok","value":0.019667103829922542,"corr_returns":0
         期待: |corr(Δmid, Δp*)| < 4 SE (κ=0 の確認、S10 の比較基準)
  [PASS] inv_l2_frozen                  true
  [PASS] hawkes_n_true_phi              {"status":"ok","value":0.830357717200325,"n_design":0.829986
  [PASS] hawkes_n_est_phi               {"status":"ok","value":0.830357717200325,"n_design":0.829986
  [PASS] hawkes_raw_inflated            {"status":"ok","value":0.830357717200325,"n_design":0.829986
  [PASS] hawkes_block_stability         {"status":"ok","value":0.830357717200325,"n_design":0.829986
  [PASS] hawkes_residual_poisson        0.0119682
  [PASS] hawkes_overdispersion          21.3367
  [PASS] hawkes_interevent_clustered    {"status":"ok","value":21.336658600219856,"fano_60s":21.3366
  [PASS] hawkes_intraday_u_shape        0.993927
  [PASS] hawkes_volume_acf              {"status":"ok","value":0.47924503267805496,"lag1":0.47924503
  [PASS] hawkes_realized_rates          0.00252895
  [PASS] hawkes_burst_guard             {"status":"ok","value":1.804634796056322e-06,"cap_hits":19,"
  [PASS] alpha_meta_valid               1.6
  [PASS] metaorder_length_fit           {"status":"ok","value":1.6003030181068552,"alpha_hat":1.6003
  [PASS] sign_acf_level                 0.194173
  [PASS] pool_stationary                -0.0725662
  [PASS] flow_balance                   1.00161
  [PASS] iceberg_ablation               {"n_seeds":30,"seeds":"<30 要素>","skipped_seeds":[{"seed":"46
  [PASS] vr_superdiffusive              5.70614
  [PASS] beta_deficit                   -0.899556
  [PASS] hawkes_fano_invariant          21.3367
  [PASS] book_liveness_s8               6.6253e-04
  [PASS] multiseed_coverage             24
  [PASS] propagator_stability           0.0550778
  [PASS] eta_range                      0.157377
  [PASS] mid_return_acf1                -0.0951744
  [PASS] signature_plot_trades          3.12176
  [PASS] obi_predictive                 0.134425
  [PASS] depth_peak_location            3
  [PASS] mean_reversion_present         {"status":"ok","value":0.08755548187796836,"conditioned_on":
  [PASS] uz_layer_off                   {"status":"ok","value":0.15794286787834247,"eta":0.157942867
  [PASS] qr_c1_invariant                0.118317
  [PASS] cpl_gap_stationary             251.745
  [PASS] cpl_tracking_daily             0.997659
  [PASS] cpl_transmission_daily         0.955911
  [PASS] cpl_gamma_resid_preserved      0.648678
  [PASS] cpl_vol_volume                 0.562319
  [PASS] cpl_vol_spread                 0.57979
  [PASS] obs_gph_d_matches_latent       -0.011084
  [PASS] obs_hill_alpha                 3.18203
  [PASS] obs_jv_share_5min              0.328525
  [PASS] obs_skewness                   -0.187638
  [PASS] impact_vr_consistency          1.04433
  [PASS] impact_beta_consistency        -0.533206
  [FAIL] sqrt_law_target                0.992804
         期待: サイズ応答の傾き ∈ [0.4, 0.7] (⑯ 平方根則、指示書 §9)
---------------------------------------------------------------------------------------
  合格 93/95 / critical 88 件中 不合格あり: corr_mid_pstar, sqrt_law_target

所要時間 1473.2 秒
