[1/6] 実行 stage=S11 seed=42 n_days=1000 steps_per_day=23400
      完了 (12.98 秒, グリッド 23,400,001 点)
[2/6] 決定性の確認 (同一シードで再実行)
      ビット単位一致: True
[3/6] RNG ストリーム安定性の確認
      既存ストリーム不変: True / 相互に別系列: True
      l2.diffusion 消費列の一致: True
[3b/6] 時間スケール不変性 (steps_per_day=390 で対照実行)
      日次統計の一致: True
[4/6] 検証スイート
[4b/6] S10 からの不変性照合 (results/S10/metrics.json)
      不変性: False
        不一致: absr_powerlaw_gamma  {'passed': False, 'obs_regime_changed': False, 'regime_note': None, 'gamma_within_tol': True, 'gated_on_gamma': False, 'baseline': 0.809815809971872, 'current': 0.7824174730528678, 'rel_diff': 0.0338328007203957, 'tol_rel': 0.1, 'r2_baseline': 0.8740549441941748, 'r2_current': 0.7866168486223117, 'r2_not_degraded': False, 'note': 'chi の 30 日振動が daily |r| ACF に乗り γ は動く (S5 設計の帰結)。判定は R² 非劣化のみ (S3 裁定の延長)。'}
        不一致: gph_d_deseasonalized  {'passed': False, 'baseline': 0.21424864394753246, 'current': 0.3873167397437833, 'diff': 0.17306809579625082, 'tol': 0.08, 'raw_current': 0.38454876676925104, 'raw_diff': 0.17030012282171858, 'basis': 'observed_abs_r_primary_bar', 'note': 'ジャンプ抽選差が支配的なため緩い帯。厳密性はテストと多シードで判定'}
[4c/6] 多シード判定 (10 シード — hill/leverage/JV/skew)
      シード 42 (1/10) 完了
      シード 43 (2/10) 完了
      シード 44 (3/10) 完了
      シード 45 (4/10) 完了
      シード 46 (5/10) スキップ: ZI ミッドが板の絶対ティック窓から逸脱しました。 book_window_half_ticks を広げるか期間を見直すこと。
      シード 47 (6/10) 完了
      シード 48 (7/10) 完了
      シード 49 (chaos-off) スキップ: ZI ミッドが板の絶対ティック窓から逸脱しました。 book_window_half_ticks を広げるか期間を見直すこと。
      シード 49 (8/10) 完了
      シード 50 (9/10) スキップ: ZI ミッドが板の絶対ティック窓から逸脱しました。 book_window_half_ticks を広げるか期間を見直すこと。
      シード 51 (chaos-off) スキップ: ZI ミッドが板の絶対ティック窓から逸脱しました。 book_window_half_ticks を広げるか期間を見直すこと。
      シード 51 (10/10) 完了
      hill_alpha: median=+2.1815  IQR=0.3499
      leverage_corr: median=-0.0444  IQR=0.1320
      jv_share: median=+0.7516  IQR=0.0180
      skewness_daily: median=-0.3997  IQR=1.4669
      dilution_sd_ratio: median=+0.8691  IQR=0.0403
      dilution_corr_logiv: median=+0.5913  IQR=0.5173
      hawkes_n_hat_true_phi: median=+0.8337  IQR=0.0024
      hawkes_fano_60s: median=+25.7067  IQR=4.0810
      meta_gamma: median=+0.2194  IQR=0.0180
      meta_c1: median=+0.2033  IQR=0.0054
      meta_vr_trade_1000: median=+5.3563  IQR=0.7002
      meta_beta_deficit: median=-0.8986  IQR=0.0260
      qr_eta_trade: median=+0.1515  IQR=0.0039
      qr_obi_h1: median=+0.1147  IQR=0.0019
      qr_change_sign_corr: median=-0.0746  IQR=0.0023
      cross_seed_corr: mean=0.2063 [0.0478, 0.4360] (28 対)
      指標の算出完了 (642.02 秒, エラー 0 件)
[5/6] 結果の書き出しと読み直し
      results_premeasure\S11\metrics.json (565,422 バイト)
[6/6] プロット
      price_path.png
      qq_normal.png
      acf.png
      kurtosis_by_scale.png
      zeta_q.png
      signature_plot.png
      daily_absr_acf.png
      vol_path.png
      variance_ratio.png

主要指標
---------------------------------------------
  基準粒度 (秒)               60
  リターン本数                 390000
  尖度                     627.205
  歪度                     -0.753063
  Hill alpha (k=5%)      1.44541
  Hill 不安定度              0.272001
  QQ の R^2               0.414583
  ACF(r) ラグ1             0.212123
  ACF(|r|) ラグ1           0.367179
  Ljung-Box p (ラグ20)     0
  GPH d (|r|)            0.384549
  local Whittle d (|r|)  0.428779
  分散比 max|VR-1|          2.43847
  尖度のスケール依存 max|k-3|     18618.6
  zeta_q 直線性 R^2         0.99439
  zeta_q の傾き             0.39617
  signature plot 最大乖離    1.90409
  ADF p (log P)          0.637852
  ADF p (r)              0
  日次 尖度                  151.332
  日次 ACF(|r|) ラグ1        0.407211
  日次 GPH d (|r|)         0.0929315
  日次 |r| ACF べき則 R^2     0.786617
  日次 zeta_q 直線性 R^2      -
  尖度の減衰傾き (日次→複数日)       -
  Var(log σ) 断面          0.248543
  予算シェア 断面 (分母 0.25)     {"msm":0.4990417672088368,"slow_ou":0.2001572306585784,"roug
  予算使用率 断面               0.994171
  E[σ²]/σ̄² 断面           0.992803
  粗さ H (潜在, 5分〜4時間)      0.13261
  粗さ ζ_q 線形性 R²          0.999974
  粗さ H (RV 側, 記録のみ)      -
  ボラ増分 ACF(1) (60秒)      -0.438882
  ラフ予算シェア (経路)           0.0989237

該当なし (not_applicable) の指標
----------------------------------------------------------------------
  micro.impact_consistency: gamma または beta が未推定です。符号自己相関 (S8) と propagator (S8) の両方が揃って初めて判定できます。
  micro.sqrt_law: メタオーダーの記録がありません。S8 でメタオーダー分割を実装した段階で測定できるようになります。
  cross.hayashi_yoshida: 資産が 1 本しかないため測定できません。多資産は S13 で導入します。
  cross.lead_lag: 資産が 1 本しかないため測定できません。多資産は S13 で導入します。

ゲート判定
---------------------------------------------------------------------------------------
  [PASS] pipeline_runs                  true
  [PASS] determinism                    true
  [PASS] rng_stability                  true
  [PASS] rng_streams_distinct           true
  [PASS] validation_callable            true
  [PASS] artifacts_written              true
  [PASS] adf                            true
  [PASS] rng_diffusion                  true
  [PASS] var_budget                     {"msm":0.4990417672088368,"slow_ou":0.2001572306585784,"roug
  [PASS] e_sigma2                       0.992803
  [PASS] scale_invariance               true
  [PASS] h_latent                       0.13261
  [PASS] h_linearity                    0.999974
  [PASS] vol_incr_acf_negative          -0.438882
  [PASS] var_budget_rough               0.0989237
  [PASS] stationarity_y                 true
  [PASS] inv_gph_d                      true
  [PASS] inv_absr_acf_profile           true
  [PASS] inv_zeta_c2                    true
  [PASS] inv_rng_s1_streams             true
  [PASS] eta_u_valid                    56
  [PASS] martingale_compensation        true
  [PASS] corr_rough_realized            {"realized":-0.600180537626795,"target":-0.6}
  [PASS] corr_slow_realized             {"realized":-0.3499232450677703,"target":-0.35}
  [PASS] corr_mid_realized              {"realized":null,"target":null}
  [PASS] z_no_autocorr                  {"max_abs_acf":0.0005418404665692655,"threshold_2_over_sqrt_
  [PASS] phi_normalization              {"status":"ok","value":null,"phi_sigma_sq_mean":0.9999999999
  [PASS] intraday_shape                 {"status":"ok","value":null,"phi_sigma_sq_mean":0.9999999999
  [PASS] inv_jv_share                   true
  [PASS] var_total                      0.248543
  [PASS] chi2_lyapunov                  0.00712959
  [PASS] chi2_dimension                 1.84773
  [PASS] chi2_spectral_peak             {"status":"ok","value":29.997614545454546,"peak_period_days"
  [PASS] chi2_no_daily_peak             {"status":"ok","value":29.997614545454546,"peak_period_days"
  [PASS] var_budget_chi2                0.200418
  [PASS] chi2_hash                      {"status":"ok","value":null,"system":"mackey_glass","sha256"
  [PASS] determinism_across_seeds       true
  [PASS] leverage_dilution              0.869056
  [PASS] chi2_no_direction              0.281022
  [PASS] invariant_no_cross             {"status":"ok","value":true,"all_passed":true,"no_cross":tru
  [PASS] invariant_order_conservation   {"status":"ok","value":true,"all_passed":true,"no_cross":tru
  [PASS] invariant_volume_conservation  {"status":"ok","value":true,"all_passed":true,"no_cross":tru
  [PASS] invariant_priority             {"status":"ok","value":true,"all_passed":true,"no_cross":tru
  [PASS] throughput                     1.2710e+06
  [PASS] spread_median                  1
  [PASS] spread_positive                {"status":"ok","value":1.0,"median":1.0,"mean":8.61540528991
  [PASS] depth_front_depletion          false
  [PASS] size_distribution              1.21848
  [PASS] placement_distribution         {"status":"ok","value":1.0070726314298577,"mu_estimated":1.0
  [FAIL] corr_mid_pstar                 {"status":"ok","value":0.011740324491539023,"corr_returns":0
         期待: corr(Δmid, Δp*) > 0 かつ z > 2 (S6〜S9 の切断確認を**反転**)
  [PASS] inv_l2_frozen                  true
  [PASS] hawkes_n_true_phi              {"status":"ok","value":0.8316618481226754,"n_design":0.82998
  [PASS] hawkes_n_est_phi               {"status":"ok","value":0.8316618481226754,"n_design":0.82998
  [PASS] hawkes_raw_inflated            {"status":"ok","value":0.8316618481226754,"n_design":0.82998
  [PASS] hawkes_block_stability         {"status":"ok","value":0.8316618481226754,"n_design":0.82998
  [FAIL] hawkes_residual_poisson        4.8169e-74
         期待: 時間再スケーリング後の間隔が Exp(1) (KS p > 0.01)
  [PASS] hawkes_overdispersion          24.3629
  [PASS] hawkes_interevent_clustered    {"status":"ok","value":24.362871147871257,"fano_60s":24.3628
  [PASS] hawkes_intraday_u_shape        0.98989
  [PASS] hawkes_volume_acf              {"status":"ok","value":0.5251895097684695,"lag1":0.525189509
  [FAIL] hawkes_realized_rates          0.0698763
         期待: 実現レート (MO/LO/CX) が定常目標 ±5%
  [PASS] hawkes_burst_guard             {"status":"ok","value":5.388527774627562e-06,"cap_hits":65,"
  [PASS] alpha_meta_valid               1.6
  [PASS] metaorder_length_fit           {"status":"ok","value":1.6027142949782727,"alpha_hat":1.6027
  [FAIL] sign_acf_level                 0.203319
         期待: C(1) ∈ [0.05, 0.20] (実証帯域、中央値)
  [PASS] pool_stationary                -0.0527818
  [PASS] flow_balance                   1.00022
  [PASS] iceberg_ablation               {"n_seeds":10,"seeds":[42,43,44,45,46,47,48,49,50,51],"skipp
  [PASS] vr_superdiffusive              5.35628
  [PASS] beta_deficit                   -0.898643
  [PASS] hawkes_fano_invariant          24.3629
  [PASS] book_liveness_s8               4.6434e-04
  [FAIL] multiseed_coverage             8
         期待: 窓逸脱スキップ後の有効シード数 ≥ 20 / 30 (1000 日は逸脱率 ~17%)
  [WARN] propagator_stability           0.115388
         期待: β̂ のサブサンプル 3 分割の振れ < 0.10 (指示書 §12) (warning)
  [PASS] eta_range                      0.15146
  [PASS] mid_return_acf1                -0.0746214
  [PASS] signature_plot_trades          7.46895
  [PASS] obi_predictive                 0.114714
  [PASS] depth_peak_location            3
  [PASS] mean_reversion_present         {"status":"ok","value":0.047582301863808664,"conditioned_on"
  [PASS] uz_layer_off                   {"status":"ok","value":0.1491785405466371,"eta":0.1491785405
  [PASS] qr_c1_invariant                0.112369
  [PASS] cpl_gap_stationary             553.03
  [PASS] cpl_tracking_daily             0.991711
  [FAIL] cpl_transmission_daily         1.52632
         期待: 伝達率 T(1日) ∈ 1.00 ± 0.07 (S11: §10 の保持表どおり緩和)
  [PASS] cpl_gamma_resid_preserved      0.714841
  [PASS] cpl_vol_volume                 0.661532
  [PASS] cpl_vol_spread                 0.466879
  [FAIL] obs_gph_d_matches_latent       -0.0996265
         期待: ③ 日次 |r| の gph_d: 観測 − 潜在 (同一シード対) ∈ ±0.05 (中央値)
  [FAIL] obs_hill_alpha                 2.18155
         期待: 観測日次リターンの Hill α ∈ [3, 5] (⑧、中央値)
  [PASS] obs_jv_share_5min              0.249648
  [PASS] obs_skewness                   -0.399665
  [PASS] impact_vr_consistency          0.940294
  [PASS] impact_beta_consistency        -0.506113
  [PASS] sqrt_law_target                1.03923
  [PASS] loop_gain                      0.430667
  [PASS] feedback_ablation              0.372549
  [PASS] no_divergence                  0
  [PASS] nt_max                         0.881661
  [PASS] nt_mean                        0.821281
  [PASS] saturation_present             true
  [PASS] no_l2_feedback                 true
  [PASS] signal_is_surprise             -0.313624
  [PASS] crisis_frequency               59.1377
  [PASS] crisis_anatomy_spread          49.547
  [PASS] crisis_anatomy_depth           0.106727
  [PASS] crisis_recovery                0.549865
  [PASS] hill_alpha_improved            2.18155
  [PASS] depth_variability_increased    1.39828
  [PASS] n_hat_matches_mean             0.011756
  [PASS] throughput                     1.3732e+06
---------------------------------------------------------------------------------------
  合格 102/111 / critical 102 件中 不合格あり: corr_mid_pstar, hawkes_residual_poisson, hawkes_realized_rates, sign_acf_level, multiseed_coverage, cpl_transmission_daily, obs_gph_d_matches_latent, obs_hill_alpha

所要時間 679.2 秒
