
=== seed 64 / asset 2 (chart 59) の極値日 ===
  day 414: 観測  -60.87%   潜在 p*   -0.67%   乖離  -60.20%
  day 417: 観測  +22.52%   潜在 p*   -0.77%   乖離  +23.29%
  day 423: 観測  +12.58%   潜在 p*   +0.19%   乖離  +12.39%
  day 415: 観測  +11.77%   潜在 p*   -1.09%   乖離  +12.86%
  day 168: 観測   -9.92%   潜在 p*   -0.97%   乖離   -8.95%
  観測の日次 SD 3.52%  / 潜在 1.40%
seed 64 完了
seed 42 完了
seed 43 完了
seed 45 完了
seed 47 完了

=== A. 日次 ACF(1) の層別分解 (15 系列 x 495 日) ===
  観測 (板ミッド cc): ACF(1)=-0.0134  z=-1.2
  潜在 (p* cc): ACF(1)=-0.0278  z=-2.4
  乖離 (観測-潜在) の日次 SD: 1.418% (観測 SD 1.617% の 87.7%)
  乖離のみの ACF(1): -0.1882  → 乖離が観測 ACF をどれだけ説明するか: -0.1447 (寄与)

=== B. 裾の比較 ===
  観測: 尖度 286.3  Hill alpha 2.49  最大 |r| 60.9%  99.9% 点 11.5%
  潜在: 尖度 7.5  Hill alpha 3.19  最大 |r| 9.1%  99.9% 点 7.1%
