100 本 = 34 実行 x 3 銘柄 (500 日 x 23400 ステップ, stage=S13, β=(0.6, 0.8, 0.4), base seed=42, 伝達比の上限 2.534)
  seed 42: 潜在経路を追加 (既存 parts を再利用)
  seed 43: 潜在経路を追加 (既存 parts を再利用)
  seed 44: 潜在経路を追加 (既存 parts を再利用)
  seed 45: 潜在経路を追加 (既存 parts を再利用)
  seed 46: 潜在経路を追加 (既存 parts を再利用)
  seed 47: 潜在経路を追加 (既存 parts を再利用)
  seed 48: 潜在経路を追加 (既存 parts を再利用)
  seed 49: スキップ (資産 2: ZI ミッドが板の絶対ティック窓から逸脱しました。 book_window_half)
  seed 50: 潜在経路を追加 (既存 parts を再利用)
  seed 51: 潜在経路を追加 (既存 parts を再利用)
  seed 52: 潜在経路を追加 (既存 parts を再利用)
  seed 53: 潜在経路を追加 (既存 parts を再利用)
  seed 54: 潜在経路を追加 (既存 parts を再利用)
  seed 55: スキップ (資産 1: ZI ミッドが板の絶対ティック窓から逸脱しました。 book_window_half)
  seed 56: 潜在経路を追加 (既存 parts を再利用)
  seed 57: スキップ (資産 0: ZI ミッドが板の絶対ティック窓から逸脱しました。 book_window_half)
  seed 58: 潜在経路を追加 (既存 parts を再利用)
  seed 59: 潜在経路を追加 (既存 parts を再利用)
  seed 60: 潜在経路を追加 (既存 parts を再利用)
  seed 61: 潜在経路を追加 (既存 parts を再利用)
  seed 62: 潜在経路を追加 (既存 parts を再利用)
  seed 63: 潜在経路を追加 (既存 parts を再利用)
  seed 64: 潜在経路を追加 (既存 parts を再利用)
  seed 65: 潜在経路を追加 (既存 parts を再利用)
  seed 66: 潜在経路を追加 (既存 parts を再利用)
  seed 67: 潜在経路を追加 (既存 parts を再利用)
  seed 68: 潜在経路を追加 (既存 parts を再利用)
  seed 69: 潜在経路を追加 (既存 parts を再利用)
  seed 70: 潜在経路を追加 (既存 parts を再利用)
  seed 71: 潜在経路を追加 (既存 parts を再利用)
  seed 72: スキップ (資産 2: ZI ミッドが板の絶対ティック窓から逸脱しました。 book_window_half)
  seed 73: 潜在経路を追加 (既存 parts を再利用)
  seed 74: 潜在経路を追加 (既存 parts を再利用)
  seed 75: 潜在経路を追加 (既存 parts を再利用)
  seed 76: 潜在経路を追加 (既存 parts を再利用)
  seed 77: 潜在経路を追加 (既存 parts を再利用)
  seed 78: 潜在経路を追加 (既存 parts を再利用)
  seed 79: 潜在経路を追加 (既存 parts を再利用)
  選別で 12 本除外 → 10 本不足。実行を 4 追加します
  seed 49: スキップ (資産 2: ZI ミッドが板の絶対ティック窓から逸脱しました。 book_window_half)
  seed 55: スキップ (資産 1: ZI ミッドが板の絶対ティック窓から逸脱しました。 book_window_half)
  seed 57: スキップ (資産 0: ZI ミッドが板の絶対ティック窓から逸脱しました。 book_window_half)
  seed 72: スキップ (資産 2: ZI ミッドが板の絶対ティック窓から逸脱しました。 book_window_half)
  実行 35/38 (seed 80) 完了  経過 215s / 残り約 18s
  実行 36/38 (seed 81) 完了  経過 306s / 残り約 17s
  実行 37/38 (seed 82) 完了  経過 368s / 残り約 10s
  seed 83: スキップ (資産 0: ZI ミッドが板の絶対ティック窓から逸脱しました。 book_window_half)
  実行 38/38 (seed 84) 完了  経過 499s / 残り約 0s
画像 105 枚を E:\模擬チャート生成\results\S13\charts\images へ

チャート 100 本 / 実行 38 (スキップ 5) / 495 日
  実行間の独立性 (符号ランダム化の帰無で判定):
    平均相関 -0.00111 / z の SD 1.087 (帰無中央値 1.080, p=0.230)
    max|z| 5.25 (帰無中央値 6.26, p=0.790)  [素朴式なら p=7.5e-04 = 偽陽性]
  実行内 0-1: cc +0.183 (日中 +0.239 x 0.8 = +0.191 予測、差 -0.009)
  実行内 0-2: cc +0.083 (日中 +0.110 x 0.8 = +0.088 予測、差 -0.005)
  実行内 1-2: cc +0.123 (日中 +0.160 x 0.8 = +0.128 予測、差 -0.005)
  品質選別: 伝達比 T < 2.534 で 12 本除外 (T 中央値 1.19, p95 1.91) / 資産別中央値 a0 1.25, a1 1.04, a2 1.35
  年率ボラ (cc) 中央値 0.2336 (σ̄ 0.2217) / 潜在 0.2018
  日次リターン 尖度 26.99 / |r| ACF(1) +0.255 / ACF(1) -0.0451
所要 1145 秒
