100 本 = 34 実行 x 3 銘柄 (500 日 x 23400 ステップ, stage=S13, β=(0.6, 0.8, 0.4), base seed=42)
  実行 1/34 (seed 42) 完了  経過 65s / 残り約 2135s
  実行 2/34 (seed 43) 完了  経過 122s / 残り約 1945s
  実行 3/34 (seed 44) 完了  経過 180s / 残り約 1855s
  実行 4/34 (seed 45) 完了  経過 237s / 残り約 1775s
  実行 5/34 (seed 46) 完了  経過 303s / 残り約 1760s
  実行 6/34 (seed 47) 完了  経過 374s / 残り約 1744s
  実行 7/34 (seed 48) 完了  経過 431s / 残り約 1664s
  seed 49: スキップ (資産 2: ZI ミッドが板の絶対ティック窓から逸脱しました。 book_window_half)
  実行 8/34 (seed 50) 完了  経過 525s / 残り約 1706s
  実行 9/34 (seed 51) 完了  経過 589s / 残り約 1637s
  実行 10/34 (seed 52) 完了  経過 665s / 残り約 1595s
  実行 11/34 (seed 53) 完了  経過 738s / 残り約 1543s
  実行 12/34 (seed 54) 完了  経過 817s / 残り約 1498s
  seed 55: スキップ (資産 1: ZI ミッドが板の絶対ティック窓から逸脱しました。 book_window_half)
  実行 13/34 (seed 56) 完了  経過 939s / 残り約 1517s
  seed 57: スキップ (資産 0: ZI ミッドが板の絶対ティック窓から逸脱しました。 book_window_half)
  実行 14/34 (seed 58) 完了  経過 1034s / 残り約 1478s
  実行 15/34 (seed 59) 完了  経過 1128s / 残り約 1429s
  実行 16/34 (seed 60) 完了  経過 1205s / 残り約 1356s
  実行 17/34 (seed 61) 完了  経過 1259s / 残り約 1259s
  実行 18/34 (seed 62) 完了  経過 1318s / 残り約 1172s
  実行 19/34 (seed 63) 完了  経過 1380s / 残り約 1090s
  実行 20/34 (seed 64) 完了  経過 1439s / 残り約 1007s
  実行 21/34 (seed 65) 完了  経過 1500s / 残り約 929s
  実行 22/34 (seed 66) 完了  経過 1563s / 残り約 853s
  実行 23/34 (seed 67) 完了  経過 1623s / 残り約 776s
  実行 24/34 (seed 68) 完了  経過 1685s / 残り約 702s
  実行 25/34 (seed 69) 完了  経過 1753s / 残り約 631s
  実行 26/34 (seed 70) 完了  経過 1812s / 残り約 558s
  実行 27/34 (seed 71) 完了  経過 1864s / 残り約 483s
  seed 72: スキップ (資産 2: ZI ミッドが板の絶対ティック窓から逸脱しました。 book_window_half)
  実行 28/34 (seed 73) 完了  経過 1968s / 残り約 422s
  実行 29/34 (seed 74) 完了  経過 2025s / 残り約 349s
  実行 30/34 (seed 75) 完了  経過 2084s / 残り約 278s
  実行 31/34 (seed 76) 完了  経過 2150s / 残り約 208s
  実行 32/34 (seed 77) 完了  経過 2227s / 残り約 139s
  実行 33/34 (seed 78) 完了  経過 2289s / 残り約 69s
  実行 34/34 (seed 79) 完了  経過 2345s / 残り約 0s
画像 105 枚を E:\模擬チャート生成\results\S13\charts\images へ

チャート 100 本 / 実行 34 (スキップ 4) / 495 日
  実行間の独立性: z の SD 1.097 (独立なら 1) / |z|>1.96 が 7.3% (理論 5%) / max|z| p=0.000
  実行内 0-1: cc +0.190 (日中 +0.235 x 0.8 = +0.188 予測、差 +0.002)
  実行内 0-2: cc +0.074 (日中 +0.083 x 0.8 = +0.066 予測、差 +0.008)
  実行内 1-2: cc +0.107 (日中 +0.138 x 0.8 = +0.110 予測、差 -0.004)
  年率ボラ (cc) 中央値 0.2387 (σ̄ 0.2217)
  日次リターン 尖度 100.95 / |r| ACF(1) +0.302 / ACF(1) -0.0396
所要 2439 秒
