  5/34 完了 (56s, 残り約 324s)
  10/34 完了 (112s, 残り約 268s)
  15/34 完了 (168s, 残り約 213s)
  20/34 完了 (224s, 残り約 157s)
  25/34 完了 (280s, 残り約 101s)
  30/34 完了 (335s, 残り約 45s)

=== 伝達比 T = Var(観測)/Var(潜在) ===
  p  5: 0.86
  p 25: 1.02
  p 50: 1.26
  p 75: 1.68
  p 90: 2.72
  p 95: 4.23
  p 99: 4.84
  p100: 6.33

資産別 中央値 T: {0: 1.46, 1: 1.04, 2: 1.43}
資産別 最大 T:   {0: 4.7, 1: 1.6, 2: 6.3}

T > 3 のチャート (9 本):
 chart_id  seed  asset        T  vol_obs  vol_lat  max_abs_r
       59    64      2 6.329912 0.558549 0.222005   0.608701
        8    44      2 4.829632 0.381187 0.173453   0.199293
       99    79      0 4.655054 0.447084 0.207218   0.429264
       35    54      2 4.405260 0.464848 0.221475   0.449360
       20    48      2 4.233993 0.382141 0.185716   0.237925
       93    77      0 4.226619 0.572615 0.278526   0.506982
       98    78      2 3.595133 0.364269 0.192117   0.192357
       14    46      2 3.199485 0.435311 0.243366   0.234762
       60    65      0 3.063797 0.350230 0.200089   0.194735

T > 2: 16 本 / T > 2.5: 12 本
潜在の年率ボラ 中央値 0.2041 (sigma_bar 0.2217)
